Command: C:\Espressif\python_env\idf5.5_py3.11_env\Scripts\python.exe C:/Espressif/frameworks/esp-idf-v5.5.4/tools/idf_monitor.py -p COM5 -b 115200 --toolchain-prefix xtensa-esp32-elf- --target esp32 --revision 0 C:\esp32 project\bacnet_device\build\bacnet_device.elf C:\esp32 project\bacnet_device\build\bootloader\bootloader.elf --force-color -m 'C:\Espressif\python_env\idf5.5_py3.11_env\Scripts\python.exe' 'C:/Espressif/frameworks/esp-idf-v5.5.4/\tools\idf.py' '-p' 'COM5'
(SPI_FAST_FLASH_BOOT)
configsip: 0, SPIWP:0xee
clk_drv:0x00,q_drv:0x00,d_drv:0x00,cs0_drv:0x00,hd_drv:0x00,wp_drv:0x00
mode:DIO, clock div:2
load:0x3fff0030,len:6280
load:0x40078000,len:15864
load:0x40080400,len:3920
entry �ets Jul 29 2019 12:21:46

rst:0x1 (POWERON_RESET),boot:0x13 (SPI_FAST_FLASH_BOOT)
configsip: 0, SPIWP:0xee
clk_drv:0x00,q_drv:0x00,d_drv:0x00,cs0_drv:0x00,hd_drv:0x00,wp_drv:0x00
mode:DIO, clock div:2
load:0x3fff0030,len:6280
load:0x40078000,len:15864
load:0x40080400,len:3920
entry 0x40080644
[0;32mI (27) boot: ESP-IDF v5.5.4 2nd stage bootloader[0m
[0;32mI (27) boot: compile time Apr 29 2026 11:02:05[0m
[0;32mI (28) boot: Multicore bootloader[0m
[0;32mI (29) boot: chip revision: v3.1[0m
[0;32mI (32) boot.esp32: SPI Speed      : 40MHz[0m
[0;32mI (35) boot.esp32: SPI Mode       : DIO[0m
[0;32mI (39) boot.esp32: SPI Flash Size : 2MB[0m
[0;32mI (42) boot: Enabling RNG early entropy source...[0m
[0;32mI (47) boot: Partition Table:[0m
[0;32mI (49) boot: ## Label            Usage          Type ST Offset   Length[0m
[0;32mI (56) boot:  0 nvs              WiFi data        01 02 00009000 00006000[0m
[0;32mI (62) boot:  1 phy_init         RF data          01 01 0000f000 00001000[0m
[0;32mI (69) boot:  2 factory          factory app      00 00 00010000 00100000[0m
[0;32mI (75) boot: End of partition table[0m
[0;32mI (79) esp_image: segment 0: paddr=00010020 vaddr=3f400020 size=18cfch (101628) map[0m
[0;32mI (121) esp_image: segment 1: paddr=00028d24 vaddr=3ffb0000 size=04338h ( 17208) load[0m
[0;32mI (128) esp_image: segment 2: paddr=0002d064 vaddr=40080000 size=02fb4h ( 12212) load[0m
[0;32mI (133) esp_image: segment 3: paddr=00030020 vaddr=400d0020 size=835a4h (538020) map[0m
[0;32mI (317) esp_image: segment 4: paddr=000b35cc vaddr=40082fb4 size=15080h ( 86144) load[0m
[0;32mI (350) esp_image: segment 5: paddr=000c8654 vaddr=50000000 size=00020h (    32) load[0m
[0;32mI (362) boot: Loaded app from partition at offset 0x10000[0m
[0;32mI (362) boot: Disabling RNG early entropy source...[0m
[0;32mI (373) cpu_start: Multicore app[0m
[0;32mI (381) cpu_start: GPIO 3 and 1 are used as console UART I/O pins[0m
[0;32mI (381) cpu_start: Pro cpu start user code[0m
[0;32mI (382) cpu_start: cpu freq: 160000000 Hz[0m
[0;32mI (383) app_init: Application information:[0m
[0;32mI (387) app_init: Project name:     bacnet_device[0m
[0;32mI (392) app_init: App version:      3b43d1d-dirty[0m
[0;32mI (396) app_init: Compile time:     Apr 29 2026 22:45:30[0m
[0;32mI (401) app_init: ELF file SHA256:  4cc257516...[0m
[0;32mI (405) app_init: ESP-IDF:          v5.5.4[0m
[0;32mI (409) efuse_init: Min chip rev:     v0.0[0m
[0;32mI (413) efuse_init: Max chip rev:     v3.99 [0m
[0;32mI (417) efuse_init: Chip rev:         v3.1[0m
[0;32mI (421) heap_init: Initializing. RAM available for dynamic allocation:[0m
[0;32mI (427) heap_init: At 3FFAE6E0 len 00001920 (6 KiB): DRAM[0m
[0;32mI (432) heap_init: At 3FFB8660 len 000279A0 (158 KiB): DRAM[0m
[0;32mI (437) heap_init: At 3FFE0440 len 00003AE0 (14 KiB): D/IRAM[0m
[0;32mI (443) heap_init: At 3FFE4350 len 0001BCB0 (111 KiB): D/IRAM[0m
[0;32mI (448) heap_init: At 40098034 len 00007FCC (31 KiB): IRAM[0m
[0;32mI (455) spi_flash: detected chip: generic[0m
[0;32mI (457) spi_flash: flash io: dio[0m
[0;33mW (460) spi_flash: Detected size(4096k) larger than the size in the binary image header(2048k). Using the size in the binary image header.[0m
[0;32mI (474) main_task: Started on CPU0[0m
[0;32mI (484) main_task: Calling app_main()[0m
[0;32mI (514) wifi:wifi driver task: 3ffc06a8, prio:23, stack:6656, core=0[0m
[0;32mI (524) wifi:wifi firmware version: 0947e8b[0m
[0;32mI (524) wifi:wifi certification version: v7.0[0m
[0;32mI (524) wifi:config NVS flash: enabled[0m
[0;32mI (524) wifi:config nano formatting: disabled[0m
[0;32mI (534) wifi:Init data frame dynamic rx buffer num: 32[0m
[0;32mI (534) wifi:Init static rx mgmt buffer num: 5[0m
[0;32mI (534) wifi:Init management short buffer num: 32[0m
[0;32mI (544) wifi:Init dynamic tx buffer num: 32[0m
[0;32mI (544) wifi:Init static rx buffer size: 1600[0m
[0;32mI (554) wifi:Init static rx buffer num: 10[0m
[0;32mI (554) wifi:Init dynamic rx buffer num: 32[0m
[0;32mI (564) wifi_init: rx ba win: 6[0m
[0;32mI (564) wifi_init: accept mbox: 6[0m
[0;32mI (564) wifi_init: tcpip mbox: 32[0m
[0;32mI (564) wifi_init: udp mbox: 6[0m
[0;32mI (574) wifi_init: tcp mbox: 6[0m
[0;32mI (574) wifi_init: tcp tx win: 5760[0m
[0;32mI (574) wifi_init: tcp rx win: 5760[0m
[0;32mI (574) wifi_init: tcp mss: 1440[0m
[0;32mI (584) wifi_init: WiFi IRAM OP enabled[0m
[0;32mI (584) wifi_init: WiFi RX IRAM OP enabled[0m
[0;33mW (594) wifi:Password length matches WPA2 standards, authmode threshold changes from OPEN to WPA2[0m
[0;32mI (594) phy_init: phy_version 4863,a3a4459,Oct 28 2025,14:30:06[0m
[0;32mI (684) wifi:mode : sta (e0:8c:fe:59:89:a4)[0m
[0;32mI (684) wifi:enable tsf[0m
[0;32mI (694) wifi:Set ps type: 0, coexist: 0[0m

[0;32mI (694) WIFI: Connecting to WiFi...[0m
[0;32mI (704) wifi:new:<6,0>, old:<1,0>, ap:<255,255>, sta:<6,0>, prof:1, snd_ch_cfg:0x0[0m
[0;32mI (704) wifi:state: init -> auth (0xb0)[0m
[0;32mI (704) wifi:state: auth -> assoc (0x0)[0m
[0;32mI (714) wifi:state: assoc -> run (0x10)[0m
[0;32mI (714) wifi:state: run -> init (0x2a0)[0m
[0;32mI (724) wifi:new:<6,0>, old:<6,0>, ap:<255,255>, sta:<6,0>, prof:1, snd_ch_cfg:0x0[0m
WiFi disconnected... reconnecting
WiFi disconnected... reconnecting
[0;32mI (3144) wifi:new:<6,0>, old:<6,0>, ap:<255,255>, sta:<6,0>, prof:1, snd_ch_cfg:0x0[0m
[0;32mI (3154) wifi:state: init -> auth (0xb0)[0m
[0;32mI (3164) wifi:state: auth -> assoc (0x0)[0m
[0;32mI (3174) wifi:state: assoc -> run (0x10)[0m
[0;32mI (3184) wifi:connected with Meterin Workshop, aid = 56, channel 6, BW20, bssid = 04:cc:bc:19:0b:a4[0m
[0;32mI (3184) wifi:security: WPA2-PSK, phy: bgn, rssi: -31, cipher(pairwise:0x3, group:0x1), pmf:0[0m
[0;32mI (3194) wifi:pm start, type: 0[0m

[0;32mI (3194) wifi:dp: 1, bi: 102400, li: 3, scale listen interval from 307200 us to 307200 us[0m
[0;32mI (3254) wifi:AP's beacon interval = 102400 us, DTIM period = 1[0m
START SYSTEM...
WiFi STATUS: NOT CONNECTED
Main loop running...
WiFi not ready, skip BACnet send
UDP listening on 47808...
[0;32mI (6354) esp_netif_handlers: sta ip: 192.168.100.120, mask: 255.255.255.0, gw: 192.168.100.1[0m
[0;32mI (6354) WIFI: WiFi connected![0m
[0;32mI (6354) WIFI: IP: 192.168.100.120[0m
Received from 192.168.100.131 (HEX): 73 61 79 20 77 61 6C 6C 61 68 69 20 75 73 65 70 20 68 6F 64 65 
Received from 192.168.100.131 (ASCII): say wallahi usep hode
Received from 192.168.100.131 (HEX): 73 61 79 20 77 61 6C 6C 61 68 69 20 75 73 65 70 20 68 6F 64 65 
Received from 192.168.100.131 (ASCII): say wallahi usep hode
WiFi STATUS: CONNECTED
IP: 192.168.100.120
Main loop running...
BACnet Who-Is broadcast sent!
[0;32mI (8714) wifi:<ba-add>idx:0 (ifx:0, 04:cc:bc:19:0b:a4), tid:0, ssn:5, winSize:64[0m
Received from 192.168.100.131 (HEX): 73 61 79 20 77 61 6C 6C 61 68 69 20 75 73 65 70 20 68 6F 64 65 
Received from 192.168.100.131 (ASCII): say wallahi usep hode
Received from 192.168.100.131 (HEX): 73 61 79 20 77 61 6C 6C 61 68 69 20 75 73 65 70 20 68 6F 64 65 
Received from 192.168.100.131 (ASCII): say wallahi usep hode
Received from 192.168.100.131 (HEX): 73 61 79 20 77 61 6C 6C 61 68 69 20 75 73 65 70 20 68 6F 64 65 
Received from 192.168.100.131 (ASCII): say wallahi usep hode
Received from 192.168.100.131 (HEX): 73 61 79 20 77 61 6C 6C 61 68 69 20 75 73 65 70 20 68 6F 64 65 
Received from 192.168.100.131 (ASCII): say wallahi usep hode
Received from 192.168.100.131 (HEX): 73 61 79 20 77 61 6C 6C 61 68 69 20 75 73 65 70 20 68 6F 64 65 
Received from 192.168.100.131 (ASCII): say wallahi usep hode
Received from 192.168.100.131 (HEX): 73 61 79 20 77 61 6C 6C 61 68 69 20 75 73 65 70 20 68 6F 64 65 
Received from 192.168.100.131 (ASCII): say wallahi usep hode
WiFi STATUS: CONNECTED
IP: 192.168.100.120
Main loop running...
BACnet Who-Is broadcast sent!
Received from 192.168.100.131 (HEX): 73 61 79 20 77 61 6C 6C 61 68 69 20 75 73 65 70 20 68 6F 64 65 
Received from 192.168.100.131 (ASCII): say wallahi usep hode
Received from 192.168.100.131 (HEX): 73 61 79 20 77 61 6C 6C 61 68 69 20 75 73 65 70 20 68 6F 64 65 
Received from 192.168.100.131 (ASCII): say wallahi usep hode
Received from 192.168.100.131 (HEX): 73 61 79 20 77 61 6C 6C 61 68 69 20 75 73 65 70 20 68 6F 64 65 
Received from 192.168.100.131 (ASCII): say wallahi usep hode
Received from 192.168.100.131 (HEX): 73 61 79 20 77 61 6C 6C 61 68 69 20 75 73 65 70 20 68 6F 64 65 
Received from 192.168.100.131 (ASCII): say wallahi usep hode
Received from 192.168.100.131 (HEX): 73 61 79 20 77 61 6C 6C 61 68 69 20 75 73 65 70 20 68 6F 64 65 
Received from 192.168.100.131 (ASCII): say wallahi usep hode
WiFi STATUS: CONNECTED
IP: 192.168.100.120
Main loop running...
BACnet Who-Is broadcast sent!
[0;32mI (18914) wifi:<ba-add>idx:1 (ifx:0, 04:cc:bc:19:0b:a4), tid:6, ssn:5, winSize:64[0m
Received from 192.168.100.131 (HEX): 73 61 79 20 77 61 6C 6C 61 68 69 20 75 73 65 70 20 68 6F 64 65 
Received from 192.168.100.131 (ASCII): say wallahi usep hode
Received from 192.168.100.131 (HEX): 73 61 79 20 77 61 6C 6C 61 68 69 20 75 73 65 70 20 68 6F 64 65 
Received from 192.168.100.131 (ASCII): say wallahi usep hode
