Command: D:\Espressif\python_env\idf5.5_py3.11_env\Scripts\python.exe D:\ESPRESSIF\Frameworks\esp-idf\tools/idf_monitor.py -p COM5 -b 115200 --toolchain-prefix xtensa-esp32-elf- --target esp32 --revision 0 C:\esp32 project\bacnet_device\build\bacnet_device.elf C:\esp32 project\bacnet_device\build\bootloader\bootloader.elf --force-color -m 'D:\Espressif\python_env\idf5.5_py3.11_env\Scripts\python.exe' 'D:\ESPRESSIF\Frameworks\esp-idf\tools\idf.py' '-p' 'COM5'
PI_FAST_FLASH_BOOT)
configsip: 0, SPIWP:0xee
clk_drv:0x00,q_drv:0x00,d_drv:0x00,cs0_drv:0x00,hd_drv:0x00,wp_drv:0x00
mode:DIO, clock div:2
load:0x3fff0030,len:6280
load:0x40078000,len:1586�ets Jul 29 2019 12:21:46

rst:0x1 (POWERON_RESET),boot:0x13 (SPI_FAST_FLASH_BOOT)
configsip: 0, SPIWP:0xee
clk_drv:0x00,q_drv:0x00,d_drv:0x00,cs0_drv:0x00,hd_drv:0x00,wp_drv:0x00
mode:DIO, clock div:2
load:0x3fff0030,len:6280
load:0x40078000,len:15864
load:0x40080400,len:3920
entry 0x40080644
[0;32mI (27) boot: ESP-IDF v5.5.4 2nd stage bootloader[0m
[0;32mI (27) boot: compile time May  4 2026 19:13:46[0m
[0;32mI (27) boot: Multicore bootloader[0m
[0;32mI (29) boot: chip revision: v3.1[0m
[0;32mI (32) boot.esp32: SPI Speed      : 40MHz[0m
[0;32mI (35) boot.esp32: SPI Mode       : DIO[0m
[0;32mI (39) boot.esp32: SPI Flash Size : 2MB[0m
[0;32mI (42) boot: Enabling RNG early entropy source...[0m
[0;32mI (47) boot: Partition Table:[0m
[0;32mI (49) boot: ## Label            Usage          Type ST Offset   Length[0m
[0;32mI (56) boot:  0 nvs              WiFi data        01 02 00009000 00006000[0m
[0;32mI (62) boot:  1 phy_init         RF data          01 01 0000f000 00001000[0m
[0;32mI (69) boot:  2 factory          factory app      00 00 00010000 00100000[0m
[0;32mI (75) boot: End of partition table[0m
[0;32mI (79) esp_image: segment 0: paddr=00010020 vaddr=3f400020 size=18d0ch (101644) map[0m
[0;32mI (121) esp_image: segment 1: paddr=00028d34 vaddr=3ffb0000 size=04338h ( 17208) load[0m
[0;32mI (128) esp_image: segment 2: paddr=0002d074 vaddr=40080000 size=02fa4h ( 12196) load[0m
[0;32mI (133) esp_image: segment 3: paddr=00030020 vaddr=400d0020 size=835e4h (538084) map[0m
[0;32mI (317) esp_image: segment 4: paddr=000b360c vaddr=40082fa4 size=15090h ( 86160) load[0m
[0;32mI (350) esp_image: segment 5: paddr=000c86a4 vaddr=50000000 size=00020h (    32) load[0m
[0;32mI (362) boot: Loaded app from partition at offset 0x10000[0m
[0;32mI (362) boot: Disabling RNG early entropy source...[0m
[0;32mI (373) cpu_start: Multicore app[0m
[0;32mI (381) cpu_start: GPIO 3 and 1 are used as console UART I/O pins[0m
[0;32mI (382) cpu_start: Pro cpu start user code[0m
[0;32mI (382) cpu_start: cpu freq: 160000000 Hz[0m
[0;32mI (383) app_init: Application information:[0m
[0;32mI (387) app_init: Project name:     bacnet_device[0m
[0;32mI (392) app_init: App version:      7180093-dirty[0m
[0;32mI (396) app_init: Compile time:     May  4 2026 19:13:17[0m
[0;32mI (401) app_init: ELF file SHA256:  8e20156ac...[0m
[0;32mI (405) app_init: ESP-IDF:          v5.5.4[0m
[0;32mI (409) efuse_init: Min chip rev:     v0.0[0m
[0;32mI (413) efuse_init: Max chip rev:     v3.99 [0m
[0;32mI (417) efuse_init: Chip rev:         v3.1[0m
[0;32mI (421) heap_init: Initializing. RAM available for dynamic allocation:[0m
[0;32mI (427) heap_init: At 3FFAE6E0 len 00001920 (6 KiB): DRAM[0m
[0;32mI (432) heap_init: At 3FFB8660 len 000279A0 (158 KiB): DRAM[0m
[0;32mI (438) heap_init: At 3FFE0440 len 00003AE0 (14 KiB): D/IRAM[0m
[0;32mI (443) heap_init: At 3FFE4350 len 0001BCB0 (111 KiB): D/IRAM[0m
[0;32mI (448) heap_init: At 40098034 len 00007FCC (31 KiB): IRAM[0m
[0;32mI (455) spi_flash: detected chip: generic[0m
[0;32mI (457) spi_flash: flash io: dio[0m
[0;33mW (460) spi_flash: Detected size(4096k) larger than the size in the binary image header(2048k). Using the size in the binary image header.[0m
[0;32mI (474) main_task: Started on CPU0[0m
[0;32mI (484) main_task: Calling app_main()[0m
[0;32mI (534) wifi:wifi driver task: 3ffc06e8, prio:23, stack:6656, core=0[0m
[0;32mI (554) wifi:wifi firmware version: 0947e8b[0m
[0;32mI (554) wifi:wifi certification version: v7.0[0m
[0;32mI (554) wifi:config NVS flash: enabled[0m
[0;32mI (554) wifi:config nano formatting: disabled[0m
[0;32mI (554) wifi:Init data frame dynamic rx buffer num: 32[0m
[0;32mI (564) wifi:Init static rx mgmt buffer num: 5[0m
[0;32mI (564) wifi:Init management short buffer num: 32[0m
[0;32mI (564) wifi:Init dynamic tx buffer num: 32[0m
[0;32mI (574) wifi:Init static rx buffer size: 1600[0m
[0;32mI (574) wifi:Init static rx buffer num: 10[0m
[0;32mI (584) wifi:Init dynamic rx buffer num: 32[0m
[0;32mI (584) wifi_init: rx ba win: 6[0m
[0;32mI (584) wifi_init: accept mbox: 6[0m
[0;32mI (584) wifi_init: tcpip mbox: 32[0m
[0;32mI (594) wifi_init: udp mbox: 6[0m
[0;32mI (594) wifi_init: tcp mbox: 6[0m
[0;32mI (594) wifi_init: tcp tx win: 5760[0m
[0;32mI (604) wifi_init: tcp rx win: 5760[0m
[0;32mI (604) wifi_init: tcp mss: 1440[0m
[0;32mI (604) wifi_init: WiFi IRAM OP enabled[0m
[0;32mI (614) wifi_init: WiFi RX IRAM OP enabled[0m
[0;33mW (614) wifi:Password length matches WPA2 standards, authmode threshold changes from OPEN to WPA2[0m
[0;32mI (624) phy_init: phy_version 4863,a3a4459,Oct 28 2025,14:30:06[0m
[0;32mI (714) phy_init: Saving new calibration data due to checksum failure or outdated calibration data, mode(0)[0m
[0;32mI (784) wifi:mode : sta (e0:8c:fe:59:27:ec)[0m
[0;32mI (794) wifi:enable tsf[0m
[0;32mI (794) wifi:Set ps type: 0, coexist: 0[0m

[0;32mI (794) WIFI: Connecting to WiFi...[0m
[0;32mI (804) wifi:new:<11,0>, old:<1,0>, ap:<255,255>, sta:<11,0>, prof:1, snd_ch_cfg:0x0[0m
[0;32mI (804) wifi:state: init -> auth (0xb0)[0m
[0;32mI (814) wifi:state: auth -> assoc (0x0)[0m
[0;32mI (824) wifi:state: assoc -> run (0x10)[0m
[0;32mI (834) wifi:connected with Meterin Workshop, aid = 76, channel 11, BW20, bssid = 04:cc:bc:19:0b:a4[0m
[0;32mI (834) wifi:security: WPA2-PSK, phy: bgn, rssi: -49, cipher(pairwise:0x3, group:0x1), pmf:0[0m
[0;32mI (844) wifi:pm start, type: 0[0m

[0;32mI (844) wifi:dp: 1, bi: 102400, li: 3, scale listen interval from 307200 us to 307200 us[0m
[0;32mI (854) wifi:AP's beacon interval = 102400 us, DTIM period = 1[0m
START SYSTEM...
WiFi STATUS: NOT CONNECTED
Main loop running...
UDP listening on 47808...
WiFi not ready, skip BACnet send
[0;32mI (4024) esp_netif_handlers: sta ip: 192.168.100.45, mask: 255.255.255.0, gw: 192.168.100.1[0m
[0;32mI (4024) WIFI: WiFi connected![0m
[0;32mI (4024) WIFI: IP: 192.168.100.45[0m
WiFi STATUS: CONNECTED
IP: 192.168.100.45
Main loop running...
BACnet Who-Is broadcast sent!
WiFi STATUS: CONNECTED
IP: 192.168.100.45
Main loop running...
BACnet Who-Is broadcast sent!
WiFi STATUS: CONNECTED
IP: 192.168.100.45
Main loop running...
BACnet Who-Is broadcast sent!
WiFi STATUS: CONNECTED
IP: 192.168.100.45
Main loop running...
BACnet Who-Is broadcast sent!
WiFi STATUS: CONNECTED
IP: 192.168.100.45
Main loop running...
BACnet Who-Is broadcast sent!
WiFi STATUS: CONNECTED
IP: 192.168.100.45
Main loop running...
BACnet Who-Is broadcast sent!
WiFi STATUS: CONNECTED
IP: 192.168.100.45
Main loop running...
BACnet Who-Is broadcast sent!
